
> test
> vitest run


 RUN  v2.1.9 /Users/amauricia/Documents/GitHub/gallop

3:55:45 PM [vite] warning: Duplicate key "lifecycleStatus" in object literal
102|      lifecycleStatus: "active",
103|      racingViable: true,
104|      lifecycleStatus: "active" as const,
   |      ^
105|      ...overrides,
106|    };

  Plugin: vite:esbuild
  File: /Users/amauricia/Documents/GitHub/gallop/src/game/npcBreeding.test.ts
 ✓ src/tests/core/time/advance.test.ts (10 tests) 3ms
 ✓ src/tests/core/resolver/intentValidation.test.ts (18 tests) 5ms
 ✓ src/tests/core/resolver/impactApplication.test.ts (12 tests) 7ms
 ✓ src/tests/game/claiming.test.ts (16 tests) 19ms
 ✓ src/tests/game/breedingCompatibility.test.ts (28 tests) 6ms
 ✓ src/tests/core/time/phases/aging.test.ts (7 tests) 3ms
 ✓ src/tests/game/awards/scoring.test.ts (9 tests) 12ms
 ✓ src/game/npcBreeding.test.ts (9 tests) 4ms
 ✓ src/tests/core/time/phases/breedingSeason.test.ts (7 tests) 3ms
 ✓ src/integration/auctionTheater.test.ts (6 tests) 18ms
 ✓ src/integration/auctionLifecycle.test.ts (8 tests) 23ms
 ✓ src/tests/game/scouting.test.ts (23 tests) 21ms
 ❯ src/tests/game/auction.test.ts (22 tests | 1 failed) 25ms
   × generateAuctionLots > all lots have reservePrice > 0, passed=false, withdrawn=false 8ms
     → resolveHealthStatus is not a function
 ❯ src/tests/game/npcHorseGen.test.ts (29 tests | 29 failed) 16ms
   × generateNpcHorse > elite: all 4 stats within tier range 5ms
     → generateNpcHorse is not a function
   × generateNpcHorse > mid: all 4 stats within tier range 1ms
     → generateNpcHorse is not a function
   × generateNpcHorse > budget: all 4 stats within tier range 0ms
     → generateNpcHorse is not a function
   × generateNpcHorse > owned is always false 0ms
     → generateNpcHorse is not a function
   × generateNpcHorse > stableId matches provided id 1ms
     → generateNpcHorse is not a function
   × generateNpcHorse > specificAge is honored 0ms
     → generateNpcHorse is not a function
   × generateNpcHorse > specificGender is honored 1ms
     → generateNpcHorse is not a function
   × generateNpcHorse > hemisphere is honored when provided 0ms
     → generateNpcHorse is not a function
   × generateNpcHorse > all required fields are present 1ms
     → generateNpcHorse is not a function
   × calculateNpcHorseValue > result is rounded to nearest 100 0ms
     → generateNpcHorse is not a function
   × calculateNpcHorseValue > elite tier > mid tier > budget tier for same horse 0ms
     → generateNpcHorse is not a function
   × calculateNpcHorseValue > young horse (age 2) has higher value than old horse (age 8) for same stats 0ms
     → generateNpcHorse is not a function
   × getStudFee > returns 0 for mare 0ms
     → generateNpcHorse is not a function
   × getStudFee > returns 0 for filly 0ms
     → generateNpcHorse is not a function
   × getStudFee > returns 0 for horse younger than 4 0ms
     → generateNpcHorse is not a function
   × getStudFee > returns > 0 for horse age >= 4 0ms
     → generateNpcHorse is not a function
   × getStudFee > returns 0 for colt younger than 4 0ms
     → generateNpcHorse is not a function
   × getBroodmareFee > returns 0 for horse (male) 0ms
     → generateNpcHorse is not a function
   × getBroodmareFee > returns 0 for colt 0ms
     → generateNpcHorse is not a function
   × getBroodmareFee > returns 0 for filly age < 3 0ms
     → generateNpcHorse is not a function
   × getBroodmareFee > returns > 0 for eligible mare 0ms
     → generateNpcHorse is not a function
   × getBroodmareFee > broodmare fee is approximately 30% of calculateNpcHorseValue 0ms
     → generateNpcHorse is not a function
   × generateStableHorses > filler stable (isMajor=false) generates exactly 10 horses 0ms
     → generateStableHorses is not a function
   × generateStableHorses > major elite stable generates 30-40 horses 0ms
     → generateStableHorses is not a function
   × generateStableHorses > major mid stable generates 20-30 horses 0ms
     → generateStableHorses is not a function
   × generateStableHorses > major budget stable generates 15-25 horses 0ms
     → generateStableHorses is not a function
   × generateStableHorses > all generated horses have correct stableId 0ms
     → generateStableHorses is not a function
   × generateAllNpcHorses > updated stables have horses arrays populated 3ms
     → Cannot read properties of undefined (reading 'next')
   × generateAllNpcHorses > total horse count equals sum of per-stable counts 0ms
     → Cannot read properties of undefined (reading 'next')
 ✓ src/tests/auctioneerService.test.ts (12 tests) 20ms
 ✓ src/integration/breedingLifecycle.test.ts (4 tests) 6ms
 ❯ src/game/store.pure.test.ts (16 tests | 12 failed) 46ms
   × refreshMarket > should keep market at 5 horses 5ms
     → resolveHealthStatus is not a function
   × refreshMarket > should remove oldest horses when market has more than 3 1ms
     → resolveHealthStatus is not a function
   × refreshMarket > should add horses when market has fewer than 5 0ms
     → resolveHealthStatus is not a function
   × generateUpcomingRaces > should preserve existing races 0ms
     → generateRace is not a function
   × pruneOldRaces > should keep graded races regardless of age 0ms
     → generateRace is not a function
   × pruneOldRaces > should keep races from last 3 days 0ms
     → generateRace is not a function
   × pruneOldRaces > should remove races older than 3 days if not graded 0ms
     → generateRace is not a function
   × pruneOldRaces > should remove races exactly 4 days old if not graded 0ms
     → generateRace is not a function
   × resolvePregnancies > should resolve pregnancy on due day 0ms
     → resolveHealthStatus is not a function
   × resolvePregnancies > should not resolve pregnancy before due day 0ms
     → resolveHealthStatus is not a function
   × resolvePregnancies > should skip already resolved pregnancies 0ms
     → resolveHealthStatus is not a function
   × resolvePregnancies > should handle live foal guarantee on complication 2ms
     → resolveHealthStatus is not a function
 ✓ src/tests/game/npcRaceEntry.test.ts (19 tests) 8ms
 ❯ src/tests/game/raceSim.test.ts (0 test)
 ✓ src/tests/core/race/naming/raceNameGenerator.test.ts (17 tests) 26ms
 ✓ src/tests/game/raceSchedule.test.ts (19 tests) 52ms
 ✓ src/tests/core/time/phases/upkeep.test.ts (5 tests) 4ms
 ✓ src/tests/core/race/filtering.test.ts (18 tests) 6ms
 ❯ src/tests/game/raceGeneration/northAmerica.test.ts (17 tests | 7 failed) 16ms
   × generateNorthAmericanRace > should use specified surface when provided 4ms
     → rng.next is not a function
   × generateNorthAmericanRaceCard > should generate specified number of races 0ms
     → Cannot read properties of undefined (reading 'next')
   × generateNorthAmericanRaceCard > should alternate surfaces for multi-surface tracks 1ms
     → Cannot read properties of undefined (reading 'next')
   × generateNorthAmericanRaceCard > should use single surface for single-surface tracks 0ms
     → Cannot read properties of undefined (reading 'next')
   × generateNorthAmericanRaceCard > should generate unique race names 0ms
     → Cannot read properties of undefined (reading 'next')
   × generateNorthAmericanRaceCard > should set day for all races 0ms
     → Cannot read properties of undefined (reading 'next')
   × generateNorthAmericanRaceCard > should set trackId for all races 0ms
     → Cannot read properties of undefined (reading 'next')
 ✓ src/tests/integration/intentPipeline.test.ts (5 tests) 10ms
 ❯ src/tests/integration/leaderboardNpcBreeding.test.ts (3 tests | 1 failed) 6ms
   × leaderboardNpcBreeding integration > leaderboards influence NPC breeding choices 5ms
     → expected 0 to be greater than 0
 ✓ src/tests/game/dosage.test.ts (24 tests) 7ms
 ❯ src/tests/genderInfluence.test.ts (0 test)
 ❯ src/tests/game/horseGen.test.ts (23 tests | 12 failed) 22ms
   × generateHorse > starter: stats within tier range [30,55] 6ms
     → resolveHealthStatus is not a function
   × generateHorse > budget: stats within tier range [25,60] 1ms
     → resolveHealthStatus is not a function
   × generateHorse > mid: stats within tier range [45,75] 0ms
     → resolveHealthStatus is not a function
   × generateHorse > elite: stats within tier range [60,90] 0ms
     → resolveHealthStatus is not a function
   × generateHorse > owned matches opts.owned (true) 0ms
     → resolveHealthStatus is not a function
   × generateHorse > owned matches opts.owned (false) 0ms
     → resolveHealthStatus is not a function
   × generateHorse > hemisphere matches opts.hemisphere 0ms
     → resolveHealthStatus is not a function
   × generateHorse > all required fields are present 3ms
     → resolveHealthStatus is not a function
   × generateHorse > two calls produce different IDs 2ms
     → resolveHealthStatus is not a function
   × horsePrice > result is a multiple of 50 1ms
     → resolveHealthStatus is not a function
   × horsePrice > young horse (age <= 3, ageMod=1.2) costs more than old horse (age >= 6, ageMod=0.7) with same stats 2ms
     → resolveHealthStatus is not a function
   × horsePrice > price is always positive 0ms
     → resolveHealthStatus is not a function
 ✓ src/tests/core/time/phases/trainingResolution.test.ts (7 tests) 6ms
 ❯ src/services/raceSimulationService.test.ts (17 tests | 9 failed) 22ms
   × buildRaceField > output length equals race.fieldSize 5ms
     → resolveHealthStatus is not a function
   × buildRaceField > entered owned horses appear with owned=true 2ms
     → resolveHealthStatus is not a function
   × buildRaceField > unfilled slots get owned=false AI runners 1ms
     → resolveHealthStatus is not a function
   × buildRaceField > empty-field guard: always returns at least 1 runner even when fieldSize=0 0ms
     → resolveHealthStatus is not a function
   × buildRaceField > builds runners for all race classes without throwing 3ms
     → expected [Function] to not throw an error but 'TypeError: reso…' was thrown
   × buildRaceField > returns filler horses for empty fields 1ms
     → resolveHealthStatus is not a function
   × simulateStep > runners that finish get finishTime !== null 0ms
     → resolveHealthStatus is not a function
   × simulateStep > stillRunning=false when all runners have finished 0ms
     → resolveHealthStatus is not a function
   × simulateStep > runners not at finish line remain running 1ms
     → resolveHealthStatus is not a function
 ✓ src/tests/core/race/naming/namePools.test.ts (19 tests) 18ms
 ❯ src/tests/core/time/phases/raceResolution.test.ts (7 tests | 6 failed) 14ms
   × raceResolutionPhase > should identify overdue races (day <= current day) 8ms
     → resolveHealthStatus is not a function
   × raceResolutionPhase > should skip already resolved races 1ms
     → resolveHealthStatus is not a function
   × raceResolutionPhase > should skip races in the future 1ms
     → context.impacts is not iterable
   × raceResolutionPhase > should skip when skipRaceResolution is true 2ms
     → expected undefined to be true // Object.is equality
   × raceResolutionPhase > should not skip when skipRaceResolution is false or undefined 0ms
     → expected undefined to be false // Object.is equality
   × raceResolutionPhase > should have correct order 1ms
     → expected 70 to be 10 // Object.is equality
 ✓ src/tests/services/auctioneerService.test.ts (5 tests) 45ms
 ❯ src/tests/trackInfluence.test.ts (0 test)
 ✓ src/tests/game/beyer.test.ts (20 tests) 4ms
 ✓ src/tests/core/genetics/inheritance.test.ts (6 tests) 426ms
 ❯ src/tests/game/foalGen.test.ts (5 tests | 5 failed) 6ms
   × resolveFoaling > foal stats are integers in [1, 100] even with max parents and big compatibility bonuses 4ms
     → Cannot resolve foaling: missing genotype for sire
   × resolveFoaling > is deterministic for inheritance overrides given the same pregnancy id 0ms
     → Cannot resolve foaling: missing genotype for sire
   × resolveFoaling > complication outcomes have a recognized type 0ms
     → Cannot resolve foaling: missing genotype for sire
   × resolveFoaling > ages mares scale complication risk: 20yo dam fails much more often than 5yo dam 0ms
     → Cannot resolve foaling: missing genotype for sire
   × resolveFoaling > lethal recessive: both-carrier pair produces complications at meaningfully higher rate than non-carrier pair 0ms
     → Cannot resolve foaling: missing genotype for sire
 ✓ src/tests/genetics.test.ts (8 tests) 67ms
 ✓ src/tests/core/breeding/stallions.test.ts (12 tests) 3ms
 ✓ src/tests/core/breeding/leaderboardService.test.ts (5 tests) 6ms
 ✓ src/tests/core/resolver/intentCollection.test.ts (7 tests) 6ms
 ✓ src/tests/core/time/phases/auctions.test.ts (7 tests) 6ms
 ✓ src/tests/core/npc/npcCycle.test.ts (6 tests) 5ms
 ✓ src/tests/core/time/phases/breedingResolution.test.ts (5 tests) 4ms
 ✓ src/tests/core/time/phases/awards.test.ts (7 tests) 4ms
 ✓ src/integration/dayAdvancement.test.ts (4 tests) 3ms
 ✓ src/tests/core/time/phases/pregnancy.test.ts (6 tests) 3ms
 ✓ src/services/raceFilterService.test.ts (10 tests) 4ms
 ✓ src/tests/core/race/eligibility.test.ts (16 tests) 3ms
 ✓ src/tests/core/race/projections.test.ts (10 tests) 8ms
 ✓ src/tests/core/breeding/eligibility.test.ts (12 tests) 6ms
 ✓ src/tests/game/pedigreeData.test.ts (14 tests) 3ms
 ✓ src/tests/game/rng.test.ts (13 tests) 170ms
 ✓ src/tests/core/horse/gender.test.ts (16 tests) 4ms
 ✓ src/integration/raceLifecycle.test.ts (4 tests) 3ms
 ✓ src/core/horse/naming/__tests__/naming.test.ts (13 tests) 8ms
 ✓ src/tests/core/time/phases/npcCycle.test.ts (5 tests) 7ms
 ✓ src/integration/npcDailyCycle.test.ts (4 tests) 4ms
 ✓ src/tests/genetics_final.test.ts (5 tests) 4ms
 ✓ src/tests/core/time/phases/purchaseResolution.test.ts (5 tests) 3ms
 ❯ src/tests/simulation_biology.test.ts (0 test)
 ✓ src/tests/core/time/phases/beyerRecalibration.test.ts (5 tests) 3ms
 ✓ src/tests/core/time/phases/npcBreedingPhase.test.ts (5 tests) 3ms
 ✓ src/tests/core/breeding/stallionFees.test.ts (5 tests) 4ms
 ✓ src/tests/core/calendar/dateFormatting.test.ts (29 tests) 4ms
 ✓ src/tests/core/race/restrictions.test.ts (18 tests) 8ms
 ✓ src/tests/core/breeding/pedigreePricing.test.ts (3 tests) 3ms
 ✓ src/tests/core/time/phases/raceEntryResolution.test.ts (4 tests) 3ms
 ✓ src/tests/core/breeding/bruceLowe.test.ts (9 tests) 10ms
 ✓ src/tests/core/horse/stats.test.ts (19 tests) 6ms
 ✓ src/tests/core/time/phases/races.test.ts (5 tests) 61ms
 ✓ src/tests/core/common/random.test.ts (7 tests) 8ms
 ✓ src/tests/game/uuid.test.ts (11 tests) 5ms
 ✓ src/tests/core/stable/uiHelpers.test.ts (12 tests) 5ms
 ✓ src/tests/core/common/ordinal.test.ts (18 tests) 5ms
 ✓ src/tests/lib/utils.test.ts (8 tests) 6ms
 ✓ src/services/opfsService.test.ts (1 test) 25ms
 ✓ src/tests/core/common/classBonus.test.ts (10 tests) 5ms
 ✓ src/tests/core/race/grading.test.ts (5 tests) 2ms
 ✓ src/tests/game/math.test.ts (4 tests) 2ms

⎯⎯⎯⎯⎯⎯ Failed Suites 4 ⎯⎯⎯⎯⎯⎯⎯

 FAIL  src/tests/genderInfluence.test.ts [ src/tests/genderInfluence.test.ts ]
Error: Failed to load url bun:test (resolved id: bun:test) in /Users/amauricia/Documents/GitHub/gallop/src/tests/genderInfluence.test.ts. Does the file exist?
 ❯ loadAndTransform node_modules/vitest/node_modules/vite/dist/node/chunks/dep-BK3b2jBa.js:51969:17

⎯⎯⎯⎯⎯⎯⎯⎯⎯⎯⎯⎯⎯⎯⎯⎯⎯⎯⎯⎯⎯⎯⎯[1/86]⎯

 FAIL  src/tests/simulation_biology.test.ts [ src/tests/simulation_biology.test.ts ]
Error: Failed to load url /game/rng (resolved id: /game/rng) in /Users/amauricia/Documents/GitHub/gallop/src/tests/game/raceSim.test.ts. Does the file exist?
 ❯ loadAndTransform node_modules/vitest/node_modules/vite/dist/node/chunks/dep-BK3b2jBa.js:51969:17

⎯⎯⎯⎯⎯⎯⎯⎯⎯⎯⎯⎯⎯⎯⎯⎯⎯⎯⎯⎯⎯⎯⎯[2/86]⎯

 FAIL  src/tests/trackInfluence.test.ts [ src/tests/trackInfluence.test.ts ]
 FAIL  src/tests/game/raceSim.test.ts [ src/tests/game/raceSim.test.ts ]
Error: Failed to load url /game/raceSim (resolved id: /game/raceSim) in /Users/amauricia/Documents/GitHub/gallop/src/tests/game/raceSim.test.ts. Does the file exist?
 ❯ loadAndTransform node_modules/vitest/node_modules/vite/dist/node/chunks/dep-BK3b2jBa.js:51969:17

⎯⎯⎯⎯⎯⎯⎯⎯⎯⎯⎯⎯⎯⎯⎯⎯⎯⎯⎯⎯⎯⎯⎯[3/86]⎯

⎯⎯⎯⎯⎯⎯ Failed Tests 82 ⎯⎯⎯⎯⎯⎯⎯

 FAIL  src/game/store.pure.test.ts > refreshMarket > should keep market at 5 horses
TypeError: resolveHealthStatus is not a function
 ❯ createHorseFromDNA src/core/horse/horseFactory.ts:162:19
    160|     careerStarts: 0,
    161|     careerWins: 0,
    162|     healthStatus: resolveHealthStatus(genotype.health),
       |                   ^
    163|     lifecycleStatus: "active",
    164|     ...dnaTraits,
 ❯ Module.generateHorse src/core/horse/horseFactory.ts:199:10
 ❯ src/game/store.pure.test.ts:22:7

⎯⎯⎯⎯⎯⎯⎯⎯⎯⎯⎯⎯⎯⎯⎯⎯⎯⎯⎯⎯⎯⎯⎯[4/86]⎯

 FAIL  src/game/store.pure.test.ts > refreshMarket > should remove oldest horses when market has more than 3
TypeError: resolveHealthStatus is not a function
 ❯ createHorseFromDNA src/core/horse/horseFactory.ts:162:19
    160|     careerStarts: 0,
    161|     careerWins: 0,
    162|     healthStatus: resolveHealthStatus(genotype.health),
       |                   ^
    163|     lifecycleStatus: "active",
    164|     ...dnaTraits,
 ❯ Module.generateHorse src/core/horse/horseFactory.ts:199:10
 ❯ src/game/store.pure.test.ts:32:7

⎯⎯⎯⎯⎯⎯⎯⎯⎯⎯⎯⎯⎯⎯⎯⎯⎯⎯⎯⎯⎯⎯⎯[5/86]⎯

 FAIL  src/game/store.pure.test.ts > refreshMarket > should add horses when market has fewer than 5
TypeError: resolveHealthStatus is not a function
 ❯ createHorseFromDNA src/core/horse/horseFactory.ts:162:19
    160|     careerStarts: 0,
    161|     careerWins: 0,
    162|     healthStatus: resolveHealthStatus(genotype.health),
       |                   ^
    163|     lifecycleStatus: "active",
    164|     ...dnaTraits,
 ❯ Module.generateHorse src/core/horse/horseFactory.ts:199:10
 ❯ src/game/store.pure.test.ts:48:7

⎯⎯⎯⎯⎯⎯⎯⎯⎯⎯⎯⎯⎯⎯⎯⎯⎯⎯⎯⎯⎯⎯⎯[6/86]⎯

 FAIL  src/game/store.pure.test.ts > generateUpcomingRaces > should preserve existing races
TypeError: generateRace is not a function
 ❯ src/game/store.pure.test.ts:66:26
     64| 
     65|   it("should preserve existing races", () => {
     66|     const existingRace = generateRace(1);
       |                          ^
     67|     const currentRaces = [existingRace];
     68|     const newDay = 2;

⎯⎯⎯⎯⎯⎯⎯⎯⎯⎯⎯⎯⎯⎯⎯⎯⎯⎯⎯⎯⎯⎯⎯[7/86]⎯

 FAIL  src/game/store.pure.test.ts > pruneOldRaces > should keep graded races regardless of age
TypeError: generateRace is not a function
 ❯ src/game/store.pure.test.ts:77:10
     75|   it("should keep graded races regardless of age", () => {
     76|     const gradedRace: Race = {
     77|       ...generateRace(1),
       |          ^
     78|       graded: {
     79|         key: "kentucky-derby",

⎯⎯⎯⎯⎯⎯⎯⎯⎯⎯⎯⎯⎯⎯⎯⎯⎯⎯⎯⎯⎯⎯⎯[8/86]⎯

 FAIL  src/game/store.pure.test.ts > pruneOldRaces > should keep races from last 3 days
TypeError: generateRace is not a function
 ❯ src/game/store.pure.test.ts:93:35
     91| 
     92|   it("should keep races from last 3 days", () => {
     93|     const recentRace: Race = { ...generateRace(8), day: 8 };
       |                                   ^
     94|     const currentDay = 10;
     95|     const pruned = pruneOldRaces([recentRace], currentDay);

⎯⎯⎯⎯⎯⎯⎯⎯⎯⎯⎯⎯⎯⎯⎯⎯⎯⎯⎯⎯⎯⎯⎯[9/86]⎯

 FAIL  src/game/store.pure.test.ts > pruneOldRaces > should remove races older than 3 days if not graded
TypeError: generateRace is not a function
 ❯ src/game/store.pure.test.ts:100:32
     98| 
     99|   it("should remove races older than 3 days if not graded", () => {
    100|     const oldRace: Race = { ...generateRace(1), day: 1 };
       |                                ^
    101|     const currentDay = 10;
    102|     const pruned = pruneOldRaces([oldRace], currentDay);

⎯⎯⎯⎯⎯⎯⎯⎯⎯⎯⎯⎯⎯⎯⎯⎯⎯⎯⎯⎯⎯⎯[10/86]⎯

 FAIL  src/game/store.pure.test.ts > pruneOldRaces > should remove races exactly 4 days old if not graded
TypeError: generateRace is not a function
 ❯ src/game/store.pure.test.ts:107:32
    105| 
    106|   it("should remove races exactly 4 days old if not graded", () => {
    107|     const oldRace: Race = { ...generateRace(6), day: 6 };
       |                                ^
    108|     const currentDay = 10;
    109|     const pruned = pruneOldRaces([oldRace], currentDay);

⎯⎯⎯⎯⎯⎯⎯⎯⎯⎯⎯⎯⎯⎯⎯⎯⎯⎯⎯⎯⎯⎯[11/86]⎯

 FAIL  src/game/store.pure.test.ts > resolvePregnancies > should resolve pregnancy on due day
TypeError: resolveHealthStatus is not a function
 ❯ createHorseFromDNA src/core/horse/horseFactory.ts:162:19
    160|     careerStarts: 0,
    161|     careerWins: 0,
    162|     healthStatus: resolveHealthStatus(genotype.health),
       |                   ^
    163|     lifecycleStatus: "active",
    164|     ...dnaTraits,
 ❯ Module.generateHorse src/core/horse/horseFactory.ts:199:10
 ❯ src/game/store.pure.test.ts:116:18

⎯⎯⎯⎯⎯⎯⎯⎯⎯⎯⎯⎯⎯⎯⎯⎯⎯⎯⎯⎯⎯⎯[12/86]⎯

 FAIL  src/game/store.pure.test.ts > resolvePregnancies > should not resolve pregnancy before due day
TypeError: resolveHealthStatus is not a function
 ❯ createHorseFromDNA src/core/horse/horseFactory.ts:162:19
    160|     careerStarts: 0,
    161|     careerWins: 0,
    162|     healthStatus: resolveHealthStatus(genotype.health),
       |                   ^
    163|     lifecycleStatus: "active",
    164|     ...dnaTraits,
 ❯ Module.generateHorse src/core/horse/horseFactory.ts:199:10
 ❯ src/game/store.pure.test.ts:157:18

⎯⎯⎯⎯⎯⎯⎯⎯⎯⎯⎯⎯⎯⎯⎯⎯⎯⎯⎯⎯⎯⎯[13/86]⎯

 FAIL  src/game/store.pure.test.ts > resolvePregnancies > should skip already resolved pregnancies
TypeError: resolveHealthStatus is not a function
 ❯ createHorseFromDNA src/core/horse/horseFactory.ts:162:19
    160|     careerStarts: 0,
    161|     careerWins: 0,
    162|     healthStatus: resolveHealthStatus(genotype.health),
       |                   ^
    163|     lifecycleStatus: "active",
    164|     ...dnaTraits,
 ❯ Module.generateHorse src/core/horse/horseFactory.ts:199:10
 ❯ src/game/store.pure.test.ts:189:18

⎯⎯⎯⎯⎯⎯⎯⎯⎯⎯⎯⎯⎯⎯⎯⎯⎯⎯⎯⎯⎯⎯[14/86]⎯

 FAIL  src/game/store.pure.test.ts > resolvePregnancies > should handle live foal guarantee on complication
TypeError: resolveHealthStatus is not a function
 ❯ createHorseFromDNA src/core/horse/horseFactory.ts:162:19
    160|     careerStarts: 0,
    161|     careerWins: 0,
    162|     healthStatus: resolveHealthStatus(genotype.health),
       |                   ^
    163|     lifecycleStatus: "active",
    164|     ...dnaTraits,
 ❯ Module.generateHorse src/core/horse/horseFactory.ts:199:10
 ❯ src/game/store.pure.test.ts:220:18

⎯⎯⎯⎯⎯⎯⎯⎯⎯⎯⎯⎯⎯⎯⎯⎯⎯⎯⎯⎯⎯⎯[15/86]⎯

 FAIL  src/services/raceSimulationService.test.ts > buildRaceField > output length equals race.fieldSize
TypeError: resolveHealthStatus is not a function
 ❯ createHorseFromDNA src/core/horse/horseFactory.ts:162:19
    160|     careerStarts: 0,
    161|     careerWins: 0,
    162|     healthStatus: resolveHealthStatus(genotype.health),
       |                   ^
    163|     lifecycleStatus: "active",
    164|     ...dnaTraits,
 ❯ Module.generateHorse src/core/horse/horseFactory.ts:199:10
 ❯ Module.buildRaceField src/services/raceSimulationService.ts:79:21
 ❯ src/services/raceSimulationService.test.ts:61:25

⎯⎯⎯⎯⎯⎯⎯⎯⎯⎯⎯⎯⎯⎯⎯⎯⎯⎯⎯⎯⎯⎯[16/86]⎯

 FAIL  src/services/raceSimulationService.test.ts > buildRaceField > entered owned horses appear with owned=true
TypeError: resolveHealthStatus is not a function
 ❯ createHorseFromDNA src/core/horse/horseFactory.ts:162:19
    160|     careerStarts: 0,
    161|     careerWins: 0,
    162|     healthStatus: resolveHealthStatus(genotype.health),
       |                   ^
    163|     lifecycleStatus: "active",
    164|     ...dnaTraits,
 ❯ Module.generateHorse src/core/horse/horseFactory.ts:199:10
 ❯ Module.buildRaceField src/services/raceSimulationService.ts:79:21
 ❯ src/services/raceSimulationService.test.ts:71:25

⎯⎯⎯⎯⎯⎯⎯⎯⎯⎯⎯⎯⎯⎯⎯⎯⎯⎯⎯⎯⎯⎯[17/86]⎯

 FAIL  src/services/raceSimulationService.test.ts > buildRaceField > unfilled slots get owned=false AI runners
TypeError: resolveHealthStatus is not a function
 ❯ createHorseFromDNA src/core/horse/horseFactory.ts:162:19
    160|     careerStarts: 0,
    161|     careerWins: 0,
    162|     healthStatus: resolveHealthStatus(genotype.health),
       |                   ^
    163|     lifecycleStatus: "active",
    164|     ...dnaTraits,
 ❯ Module.generateHorse src/core/horse/horseFactory.ts:199:10
 ❯ Module.buildRaceField src/services/raceSimulationService.ts:79:21
 ❯ src/services/raceSimulationService.test.ts:79:25

⎯⎯⎯⎯⎯⎯⎯⎯⎯⎯⎯⎯⎯⎯⎯⎯⎯⎯⎯⎯⎯⎯[18/86]⎯

 FAIL  src/services/raceSimulationService.test.ts > buildRaceField > empty-field guard: always returns at least 1 runner even when fieldSize=0
TypeError: resolveHealthStatus is not a function
 ❯ createHorseFromDNA src/core/horse/horseFactory.ts:162:19
    160|     careerStarts: 0,
    161|     careerWins: 0,
    162|     healthStatus: resolveHealthStatus(genotype.health),
       |                   ^
    163|     lifecycleStatus: "active",
    164|     ...dnaTraits,
 ❯ Module.generateHorse src/core/horse/horseFactory.ts:199:10
 ❯ Module.buildRaceField src/services/raceSimulationService.ts:89:21
 ❯ src/services/raceSimulationService.test.ts:86:25

⎯⎯⎯⎯⎯⎯⎯⎯⎯⎯⎯⎯⎯⎯⎯⎯⎯⎯⎯⎯⎯⎯[19/86]⎯

 FAIL  src/services/raceSimulationService.test.ts > buildRaceField > builds runners for all race classes without throwing
AssertionError: expected [Function] to not throw an error but 'TypeError: reso…' was thrown

- Expected: 
undefined

+ Received: 
"TypeError: __vite_ssr_import_4__.resolveHealthStatus is not a function"

 ❯ src/services/raceSimulationService.test.ts:95:13
     93|       expect(() =>
     94|         buildRaceField({ race: mkRace({ raceClass, fieldSize: 3 }), ho…
     95|       ).not.toThrow();
       |             ^
     96|     }
     97|   });

⎯⎯⎯⎯⎯⎯⎯⎯⎯⎯⎯⎯⎯⎯⎯⎯⎯⎯⎯⎯⎯⎯[20/86]⎯

 FAIL  src/services/raceSimulationService.test.ts > buildRaceField > returns filler horses for empty fields
TypeError: resolveHealthStatus is not a function
 ❯ createHorseFromDNA src/core/horse/horseFactory.ts:162:19
    160|     careerStarts: 0,
    161|     careerWins: 0,
    162|     healthStatus: resolveHealthStatus(genotype.health),
       |                   ^
    163|     lifecycleStatus: "active",
    164|     ...dnaTraits,
 ❯ Module.generateHorse src/core/horse/horseFactory.ts:199:10
 ❯ Module.buildRaceField src/services/raceSimulationService.ts:79:21
 ❯ src/services/raceSimulationService.test.ts:101:39

⎯⎯⎯⎯⎯⎯⎯⎯⎯⎯⎯⎯⎯⎯⎯⎯⎯⎯⎯⎯⎯⎯[21/86]⎯

 FAIL  src/services/raceSimulationService.test.ts > simulateStep > runners that finish get finishTime !== null
TypeError: resolveHealthStatus is not a function
 ❯ createHorseFromDNA src/core/horse/horseFactory.ts:162:19
    160|     careerStarts: 0,
    161|     careerWins: 0,
    162|     healthStatus: resolveHealthStatus(genotype.health),
       |                   ^
    163|     lifecycleStatus: "active",
    164|     ...dnaTraits,
 ❯ Module.generateHorse src/core/horse/horseFactory.ts:199:10
 ❯ Module.buildRaceField src/services/raceSimulationService.ts:79:21
 ❯ src/services/raceSimulationService.test.ts:110:25

⎯⎯⎯⎯⎯⎯⎯⎯⎯⎯⎯⎯⎯⎯⎯⎯⎯⎯⎯⎯⎯⎯[22/86]⎯

 FAIL  src/services/raceSimulationService.test.ts > simulateStep > stillRunning=false when all runners have finished
TypeError: resolveHealthStatus is not a function
 ❯ createHorseFromDNA src/core/horse/horseFactory.ts:162:19
    160|     careerStarts: 0,
    161|     careerWins: 0,
    162|     healthStatus: resolveHealthStatus(genotype.health),
       |                   ^
    163|     lifecycleStatus: "active",
    164|     ...dnaTraits,
 ❯ Module.generateHorse src/core/horse/horseFactory.ts:199:10
 ❯ Module.buildRaceField src/services/raceSimulationService.ts:79:21
 ❯ src/services/raceSimulationService.test.ts:127:25

⎯⎯⎯⎯⎯⎯⎯⎯⎯⎯⎯⎯⎯⎯⎯⎯⎯⎯⎯⎯⎯⎯[23/86]⎯

 FAIL  src/services/raceSimulationService.test.ts > simulateStep > runners not at finish line remain running
TypeError: resolveHealthStatus is not a function
 ❯ createHorseFromDNA src/core/horse/horseFactory.ts:162:19
    160|     careerStarts: 0,
    161|     careerWins: 0,
    162|     healthStatus: resolveHealthStatus(genotype.health),
       |                   ^
    163|     lifecycleStatus: "active",
    164|     ...dnaTraits,
 ❯ Module.generateHorse src/core/horse/horseFactory.ts:199:10
 ❯ Module.buildRaceField src/services/raceSimulationService.ts:79:21
 ❯ src/services/raceSimulationService.test.ts:139:25

⎯⎯⎯⎯⎯⎯⎯⎯⎯⎯⎯⎯⎯⎯⎯⎯⎯⎯⎯⎯⎯⎯[24/86]⎯

 FAIL  src/tests/game/auction.test.ts > generateAuctionLots > all lots have reservePrice > 0, passed=false, withdrawn=false
TypeError: resolveHealthStatus is not a function
 ❯ createHorseFromDNA src/core/horse/horseFactory.ts:162:19
    160|     careerStarts: 0,
    161|     careerWins: 0,
    162|     healthStatus: resolveHealthStatus(genotype.health),
       |                   ^
    163|     lifecycleStatus: "active",
    164|     ...dnaTraits,
 ❯ Module.generateNpcHorse src/core/horse/horseFactory.ts:230:17
 ❯ Module.generateAuctionLots src/game/auction.ts:463:26
 ❯ src/tests/game/auction.test.ts:211:18

⎯⎯⎯⎯⎯⎯⎯⎯⎯⎯⎯⎯⎯⎯⎯⎯⎯⎯⎯⎯⎯⎯[25/86]⎯

 FAIL  src/tests/game/foalGen.test.ts > resolveFoaling > foal stats are integers in [1, 100] even with max parents and big compatibility bonuses
Error: Cannot resolve foaling: missing genotype for sire
 ❯ Module.resolveFoaling src/core/horse/horseFactory.ts:259:11
    257|   // Genetic crossover
    258|   if (!sire.genotype || !dam.genotype) {
    259|     throw new Error(`Cannot resolve foaling: missing genotype for ${!s…
       |           ^
    260|   }
    261|   const genotype = inheritDNA(sire.genotype, dam.genotype, rng);
 ❯ src/tests/game/foalGen.test.ts:58:23

⎯⎯⎯⎯⎯⎯⎯⎯⎯⎯⎯⎯⎯⎯⎯⎯⎯⎯⎯⎯⎯⎯[26/86]⎯

 FAIL  src/tests/game/foalGen.test.ts > resolveFoaling > is deterministic for inheritance overrides given the same pregnancy id
Error: Cannot resolve foaling: missing genotype for sire
 ❯ Module.resolveFoaling src/core/horse/horseFactory.ts:259:11
    257|   // Genetic crossover
    258|   if (!sire.genotype || !dam.genotype) {
    259|     throw new Error(`Cannot resolve foaling: missing genotype for ${!s…
       |           ^
    260|   }
    261|   const genotype = inheritDNA(sire.genotype, dam.genotype, rng);
 ❯ src/tests/game/foalGen.test.ts:77:15

⎯⎯⎯⎯⎯⎯⎯⎯⎯⎯⎯⎯⎯⎯⎯⎯⎯⎯⎯⎯⎯⎯[27/86]⎯

 FAIL  src/tests/game/foalGen.test.ts > resolveFoaling > complication outcomes have a recognized type
Error: Cannot resolve foaling: missing genotype for sire
 ❯ Module.resolveFoaling src/core/horse/horseFactory.ts:259:11
    257|   // Genetic crossover
    258|   if (!sire.genotype || !dam.genotype) {
    259|     throw new Error(`Cannot resolve foaling: missing genotype for ${!s…
       |           ^
    260|   }
    261|   const genotype = inheritDNA(sire.genotype, dam.genotype, rng);
 ❯ src/tests/game/foalGen.test.ts:100:23

⎯⎯⎯⎯⎯⎯⎯⎯⎯⎯⎯⎯⎯⎯⎯⎯⎯⎯⎯⎯⎯⎯[28/86]⎯

 FAIL  src/tests/game/foalGen.test.ts > resolveFoaling > ages mares scale complication risk: 20yo dam fails much more often than 5yo dam
Error: Cannot resolve foaling: missing genotype for sire
 ❯ Module.resolveFoaling src/core/horse/horseFactory.ts:259:11
    257|   // Genetic crossover
    258|   if (!sire.genotype || !dam.genotype) {
    259|     throw new Error(`Cannot resolve foaling: missing genotype for ${!s…
       |           ^
    260|   }
    261|   const genotype = inheritDNA(sire.genotype, dam.genotype, rng);
 ❯ src/tests/game/foalGen.test.ts:115:11

⎯⎯⎯⎯⎯⎯⎯⎯⎯⎯⎯⎯⎯⎯⎯⎯⎯⎯⎯⎯⎯⎯[29/86]⎯

 FAIL  src/tests/game/foalGen.test.ts > resolveFoaling > lethal recessive: both-carrier pair produces complications at meaningfully higher rate than non-carrier pair
Error: Cannot resolve foaling: missing genotype for sire
 ❯ Module.resolveFoaling src/core/horse/horseFactory.ts:259:11
    257|   // Genetic crossover
    258|   if (!sire.genotype || !dam.genotype) {
    259|     throw new Error(`Cannot resolve foaling: missing genotype for ${!s…
       |           ^
    260|   }
    261|   const genotype = inheritDNA(sire.genotype, dam.genotype, rng);
 ❯ src/tests/game/foalGen.test.ts:155:11

⎯⎯⎯⎯⎯⎯⎯⎯⎯⎯⎯⎯⎯⎯⎯⎯⎯⎯⎯⎯⎯⎯[30/86]⎯

 FAIL  src/tests/game/horseGen.test.ts > generateHorse > starter: stats within tier range [30,55]
 FAIL  src/tests/game/horseGen.test.ts > generateHorse > budget: stats within tier range [25,60]
 FAIL  src/tests/game/horseGen.test.ts > generateHorse > mid: stats within tier range [45,75]
 FAIL  src/tests/game/horseGen.test.ts > generateHorse > elite: stats within tier range [60,90]
TypeError: resolveHealthStatus is not a function
 ❯ createHorseFromDNA src/core/horse/horseFactory.ts:162:19
    160|     careerStarts: 0,
    161|     careerWins: 0,
    162|     healthStatus: resolveHealthStatus(genotype.health),
       |                   ^
    163|     lifecycleStatus: "active",
    164|     ...dnaTraits,
 ❯ Module.generateHorse src/core/horse/horseFactory.ts:199:10
 ❯ src/tests/game/horseGen.test.ts:19:19

⎯⎯⎯⎯⎯⎯⎯⎯⎯⎯⎯⎯⎯⎯⎯⎯⎯⎯⎯⎯⎯⎯[31/86]⎯

 FAIL  src/tests/game/horseGen.test.ts > generateHorse > owned matches opts.owned (true)
TypeError: resolveHealthStatus is not a function
 ❯ createHorseFromDNA src/core/horse/horseFactory.ts:162:19
    160|     careerStarts: 0,
    161|     careerWins: 0,
    162|     healthStatus: resolveHealthStatus(genotype.health),
       |                   ^
    163|     lifecycleStatus: "active",
    164|     ...dnaTraits,
 ❯ Module.generateHorse src/core/horse/horseFactory.ts:199:10
 ❯ src/tests/game/horseGen.test.ts:33:15

⎯⎯⎯⎯⎯⎯⎯⎯⎯⎯⎯⎯⎯⎯⎯⎯⎯⎯⎯⎯⎯⎯[32/86]⎯

 FAIL  src/tests/game/horseGen.test.ts > generateHorse > owned matches opts.owned (false)
TypeError: resolveHealthStatus is not a function
 ❯ createHorseFromDNA src/core/horse/horseFactory.ts:162:19
    160|     careerStarts: 0,
    161|     careerWins: 0,
    162|     healthStatus: resolveHealthStatus(genotype.health),
       |                   ^
    163|     lifecycleStatus: "active",
    164|     ...dnaTraits,
 ❯ Module.generateHorse src/core/horse/horseFactory.ts:199:10
 ❯ src/tests/game/horseGen.test.ts:38:15

⎯⎯⎯⎯⎯⎯⎯⎯⎯⎯⎯⎯⎯⎯⎯⎯⎯⎯⎯⎯⎯⎯[33/86]⎯

 FAIL  src/tests/game/horseGen.test.ts > generateHorse > hemisphere matches opts.hemisphere
TypeError: resolveHealthStatus is not a function
 ❯ createHorseFromDNA src/core/horse/horseFactory.ts:162:19
    160|     careerStarts: 0,
    161|     careerWins: 0,
    162|     healthStatus: resolveHealthStatus(genotype.health),
       |                   ^
    163|     lifecycleStatus: "active",
    164|     ...dnaTraits,
 ❯ Module.generateHorse src/core/horse/horseFactory.ts:199:10
 ❯ src/tests/game/horseGen.test.ts:43:12

⎯⎯⎯⎯⎯⎯⎯⎯⎯⎯⎯⎯⎯⎯⎯⎯⎯⎯⎯⎯⎯⎯[34/86]⎯

 FAIL  src/tests/game/horseGen.test.ts > generateHorse > all required fields are present
TypeError: resolveHealthStatus is not a function
 ❯ createHorseFromDNA src/core/horse/horseFactory.ts:162:19
    160|     careerStarts: 0,
    161|     careerWins: 0,
    162|     healthStatus: resolveHealthStatus(genotype.health),
       |                   ^
    163|     lifecycleStatus: "active",
    164|     ...dnaTraits,
 ❯ Module.generateHorse src/core/horse/horseFactory.ts:199:10
 ❯ src/tests/game/horseGen.test.ts:48:15

⎯⎯⎯⎯⎯⎯⎯⎯⎯⎯⎯⎯⎯⎯⎯⎯⎯⎯⎯⎯⎯⎯[35/86]⎯

 FAIL  src/tests/game/horseGen.test.ts > generateHorse > two calls produce different IDs
TypeError: resolveHealthStatus is not a function
 ❯ createHorseFromDNA src/core/horse/horseFactory.ts:162:19
    160|     careerStarts: 0,
    161|     careerWins: 0,
    162|     healthStatus: resolveHealthStatus(genotype.health),
       |                   ^
    163|     lifecycleStatus: "active",
    164|     ...dnaTraits,
 ❯ Module.generateHorse src/core/horse/horseFactory.ts:199:10
 ❯ src/tests/game/horseGen.test.ts:61:12

⎯⎯⎯⎯⎯⎯⎯⎯⎯⎯⎯⎯⎯⎯⎯⎯⎯⎯⎯⎯⎯⎯[36/86]⎯

 FAIL  src/tests/game/horseGen.test.ts > horsePrice > result is a multiple of 50
TypeError: resolveHealthStatus is not a function
 ❯ createHorseFromDNA src/core/horse/horseFactory.ts:162:19
    160|     careerStarts: 0,
    161|     careerWins: 0,
    162|     healthStatus: resolveHealthStatus(genotype.health),
       |                   ^
    163|     lifecycleStatus: "active",
    164|     ...dnaTraits,
 ❯ Module.generateHorse src/core/horse/horseFactory.ts:199:10
 ❯ src/tests/game/horseGen.test.ts:68:17

⎯⎯⎯⎯⎯⎯⎯⎯⎯⎯⎯⎯⎯⎯⎯⎯⎯⎯⎯⎯⎯⎯[37/86]⎯

 FAIL  src/tests/game/horseGen.test.ts > horsePrice > young horse (age <= 3, ageMod=1.2) costs more than old horse (age >= 6, ageMod=0.7) with same stats
TypeError: resolveHealthStatus is not a function
 ❯ createHorseFromDNA src/core/horse/horseFactory.ts:162:19
    160|     careerStarts: 0,
    161|     careerWins: 0,
    162|     healthStatus: resolveHealthStatus(genotype.health),
       |                   ^
    163|     lifecycleStatus: "active",
    164|     ...dnaTraits,
 ❯ Module.generateHorse src/core/horse/horseFactory.ts:199:10
 ❯ src/tests/game/horseGen.test.ts:74:15

⎯⎯⎯⎯⎯⎯⎯⎯⎯⎯⎯⎯⎯⎯⎯⎯⎯⎯⎯⎯⎯⎯[38/86]⎯

 FAIL  src/tests/game/horseGen.test.ts > horsePrice > price is always positive
TypeError: resolveHealthStatus is not a function
 ❯ createHorseFromDNA src/core/horse/horseFactory.ts:162:19
    160|     careerStarts: 0,
    161|     careerWins: 0,
    162|     healthStatus: resolveHealthStatus(genotype.health),
       |                   ^
    163|     lifecycleStatus: "active",
    164|     ...dnaTraits,
 ❯ Module.generateHorse src/core/horse/horseFactory.ts:199:10
 ❯ src/tests/game/horseGen.test.ts:81:15

⎯⎯⎯⎯⎯⎯⎯⎯⎯⎯⎯⎯⎯⎯⎯⎯⎯⎯⎯⎯⎯⎯[39/86]⎯

 FAIL  src/tests/game/npcHorseGen.test.ts > generateNpcHorse > elite: all 4 stats within tier range
 FAIL  src/tests/game/npcHorseGen.test.ts > generateNpcHorse > mid: all 4 stats within tier range
 FAIL  src/tests/game/npcHorseGen.test.ts > generateNpcHorse > budget: all 4 stats within tier range
TypeError: generateNpcHorse is not a function
 ❯ src/tests/game/npcHorseGen.test.ts:43:19
     41|       const [lo, hi] = STAT_RANGES[tier];
     42|       for (let i = 0; i < 20; i++) {
     43|         const h = generateNpcHorse("s1", tier, createRng("test"));
       |                   ^
     44|         expect(h.stats.speed).toBeGreaterThanOrEqual(lo);
     45|         expect(h.stats.speed).toBeLessThanOrEqual(hi);

⎯⎯⎯⎯⎯⎯⎯⎯⎯⎯⎯⎯⎯⎯⎯⎯⎯⎯⎯⎯⎯⎯[40/86]⎯

 FAIL  src/tests/game/npcHorseGen.test.ts > generateNpcHorse > owned is always false
TypeError: generateNpcHorse is not a function
 ❯ src/tests/game/npcHorseGen.test.ts:57:15
     55| 
     56|   it("owned is always false", () => {
     57|     const h = generateNpcHorse("s1", "mid", createRng("test"));
       |               ^
     58|     expect(h.owned).toBe(false);
     59|   });

⎯⎯⎯⎯⎯⎯⎯⎯⎯⎯⎯⎯⎯⎯⎯⎯⎯⎯⎯⎯⎯⎯[41/86]⎯

 FAIL  src/tests/game/npcHorseGen.test.ts > generateNpcHorse > stableId matches provided id
TypeError: generateNpcHorse is not a function
 ❯ src/tests/game/npcHorseGen.test.ts:62:15
     60| 
     61|   it("stableId matches provided id", () => {
     62|     const h = generateNpcHorse("stable-xyz", "mid", createRng("test"));
       |               ^
     63|     expect(h.stableId).toBe("stable-xyz");
     64|   });

⎯⎯⎯⎯⎯⎯⎯⎯⎯⎯⎯⎯⎯⎯⎯⎯⎯⎯⎯⎯⎯⎯[42/86]⎯

 FAIL  src/tests/game/npcHorseGen.test.ts > generateNpcHorse > specificAge is honored
TypeError: generateNpcHorse is not a function
 ❯ src/tests/game/npcHorseGen.test.ts:68:17
     66|   it("specificAge is honored", () => {
     67|     for (let i = 0; i < 10; i++) {
     68|       const h = generateNpcHorse("s1", "mid", 5, createRng("test"));
       |                 ^
     69|       expect(h.age).toBe(5);
     70|     }

⎯⎯⎯⎯⎯⎯⎯⎯⎯⎯⎯⎯⎯⎯⎯⎯⎯⎯⎯⎯⎯⎯[43/86]⎯

 FAIL  src/tests/game/npcHorseGen.test.ts > generateNpcHorse > specificGender is honored
TypeError: generateNpcHorse is not a function
 ❯ src/tests/game/npcHorseGen.test.ts:75:17
     73|   it("specificGender is honored", () => {
     74|     for (let i = 0; i < 10; i++) {
     75|       const h = generateNpcHorse("s1", "mid", undefined, "mare", creat…
       |                 ^
     76|       expect(h.gender).toBe("mare");
     77|     }

⎯⎯⎯⎯⎯⎯⎯⎯⎯⎯⎯⎯⎯⎯⎯⎯⎯⎯⎯⎯⎯⎯[44/86]⎯

 FAIL  src/tests/game/npcHorseGen.test.ts > generateNpcHorse > hemisphere is honored when provided
TypeError: generateNpcHorse is not a function
 ❯ src/tests/game/npcHorseGen.test.ts:81:15
     79| 
     80|   it("hemisphere is honored when provided", () => {
     81|     const h = generateNpcHorse("s1", "mid", undefined, undefined, "Sou…
       |               ^
     82|     expect(h.hemisphere).toBe("Southern");
     83|   });

⎯⎯⎯⎯⎯⎯⎯⎯⎯⎯⎯⎯⎯⎯⎯⎯⎯⎯⎯⎯⎯⎯[45/86]⎯

 FAIL  src/tests/game/npcHorseGen.test.ts > generateNpcHorse > all required fields are present
TypeError: generateNpcHorse is not a function
 ❯ src/tests/game/npcHorseGen.test.ts:86:15
     84| 
     85|   it("all required fields are present", () => {
     86|     const h = generateNpcHorse("s1", "mid", createRng("test"));
       |               ^
     87|     expect(h.id).toBeTruthy();
     88|     expect(h.name).toBeTruthy();

⎯⎯⎯⎯⎯⎯⎯⎯⎯⎯⎯⎯⎯⎯⎯⎯⎯⎯⎯⎯⎯⎯[46/86]⎯

 FAIL  src/tests/game/npcHorseGen.test.ts > calculateNpcHorseValue > result is rounded to nearest 100
TypeError: generateNpcHorse is not a function
 ❯ src/tests/game/npcHorseGen.test.ts:99:19
     97| describe("calculateNpcHorseValue", () => {
     98|   it("result is rounded to nearest 100", () => {
     99|     const horse = generateNpcHorse("s1", "mid", 4, createRng("test"));
       |                   ^
    100|     const val = calculateNpcHorseValue(horse, "mid");
    101|     expect(val % 100).toBe(0);

⎯⎯⎯⎯⎯⎯⎯⎯⎯⎯⎯⎯⎯⎯⎯⎯⎯⎯⎯⎯⎯⎯[47/86]⎯

 FAIL  src/tests/game/npcHorseGen.test.ts > calculateNpcHorseValue > elite tier > mid tier > budget tier for same horse
TypeError: generateNpcHorse is not a function
 ❯ src/tests/game/npcHorseGen.test.ts:105:19
    103| 
    104|   it("elite tier > mid tier > budget tier for same horse", () => {
    105|     const horse = generateNpcHorse("s1", "mid", 4, createRng("test"));
       |                   ^
    106|     const elite = calculateNpcHorseValue(horse, "elite");
    107|     const mid = calculateNpcHorseValue(horse, "mid");

⎯⎯⎯⎯⎯⎯⎯⎯⎯⎯⎯⎯⎯⎯⎯⎯⎯⎯⎯⎯⎯⎯[48/86]⎯

 FAIL  src/tests/game/npcHorseGen.test.ts > calculateNpcHorseValue > young horse (age 2) has higher value than old horse (age 8) for same stats
TypeError: generateNpcHorse is not a function
 ❯ src/tests/game/npcHorseGen.test.ts:114:19
    112| 
    113|   it("young horse (age 2) has higher value than old horse (age 8) for …
    114|     const young = generateNpcHorse("s1", "mid", 2, createRng("test"));
       |                   ^
    115|     const old = generateNpcHorse("s1", "mid", 8, createRng("test"));
    116|     // Use same stats for fair comparison — override manually

⎯⎯⎯⎯⎯⎯⎯⎯⎯⎯⎯⎯⎯⎯⎯⎯⎯⎯⎯⎯⎯⎯[49/86]⎯

 FAIL  src/tests/game/npcHorseGen.test.ts > getStudFee > returns 0 for mare
TypeError: generateNpcHorse is not a function
 ❯ src/tests/game/npcHorseGen.test.ts:128:15
    126| 
    127|   it("returns 0 for mare", () => {
    128|     const h = generateNpcHorse("s1", "mid", 5, "mare", createRng("test…
       |               ^
    129|     expect(getStudFee(h, stable)).toBe(0);
    130|   });

⎯⎯⎯⎯⎯⎯⎯⎯⎯⎯⎯⎯⎯⎯⎯⎯⎯⎯⎯⎯⎯⎯[50/86]⎯

 FAIL  src/tests/game/npcHorseGen.test.ts > getStudFee > returns 0 for filly
TypeError: generateNpcHorse is not a function
 ❯ src/tests/game/npcHorseGen.test.ts:133:15
    131| 
    132|   it("returns 0 for filly", () => {
    133|     const h = generateNpcHorse("s1", "mid", 2, "filly", createRng("tes…
       |               ^
    134|     expect(getStudFee(h, stable)).toBe(0);
    135|   });

⎯⎯⎯⎯⎯⎯⎯⎯⎯⎯⎯⎯⎯⎯⎯⎯⎯⎯⎯⎯⎯⎯[51/86]⎯

 FAIL  src/tests/game/npcHorseGen.test.ts > getStudFee > returns 0 for horse younger than 4
TypeError: generateNpcHorse is not a function
 ❯ src/tests/game/npcHorseGen.test.ts:138:15
    136| 
    137|   it("returns 0 for horse younger than 4", () => {
    138|     const h = generateNpcHorse("s1", "mid", 3, "horse", createRng("tes…
       |               ^
    139|     expect(getStudFee(h, stable)).toBe(0);
    140|   });

⎯⎯⎯⎯⎯⎯⎯⎯⎯⎯⎯⎯⎯⎯⎯⎯⎯⎯⎯⎯⎯⎯[52/86]⎯

 FAIL  src/tests/game/npcHorseGen.test.ts > getStudFee > returns > 0 for horse age >= 4
TypeError: generateNpcHorse is not a function
 ❯ src/tests/game/npcHorseGen.test.ts:143:15
    141| 
    142|   it("returns > 0 for horse age >= 4", () => {
    143|     const h = generateNpcHorse("s1", "mid", 5, "horse", createRng("tes…
       |               ^
    144|     expect(getStudFee(h, stable)).toBeGreaterThan(0);
    145|   });

⎯⎯⎯⎯⎯⎯⎯⎯⎯⎯⎯⎯⎯⎯⎯⎯⎯⎯⎯⎯⎯⎯[53/86]⎯

 FAIL  src/tests/game/npcHorseGen.test.ts > getStudFee > returns 0 for colt younger than 4
TypeError: generateNpcHorse is not a function
 ❯ src/tests/game/npcHorseGen.test.ts:148:15
    146| 
    147|   it("returns 0 for colt younger than 4", () => {
    148|     const h = generateNpcHorse("s1", "mid", 2, "colt", createRng("test…
       |               ^
    149|     expect(getStudFee(h, stable)).toBe(0);
    150|   });

⎯⎯⎯⎯⎯⎯⎯⎯⎯⎯⎯⎯⎯⎯⎯⎯⎯⎯⎯⎯⎯⎯[54/86]⎯

 FAIL  src/tests/game/npcHorseGen.test.ts > getBroodmareFee > returns 0 for horse (male)
TypeError: generateNpcHorse is not a function
 ❯ src/tests/game/npcHorseGen.test.ts:157:15
    155| 
    156|   it("returns 0 for horse (male)", () => {
    157|     const h = generateNpcHorse("s1", "mid", 5, "horse", createRng("tes…
       |               ^
    158|     expect(getBroodmareFee(h, stable)).toBe(0);
    159|   });

⎯⎯⎯⎯⎯⎯⎯⎯⎯⎯⎯⎯⎯⎯⎯⎯⎯⎯⎯⎯⎯⎯[55/86]⎯

 FAIL  src/tests/game/npcHorseGen.test.ts > getBroodmareFee > returns 0 for colt
TypeError: generateNpcHorse is not a function
 ❯ src/tests/game/npcHorseGen.test.ts:162:15
    160| 
    161|   it("returns 0 for colt", () => {
    162|     const h = generateNpcHorse("s1", "mid", 2, "colt", createRng("test…
       |               ^
    163|     expect(getBroodmareFee(h, stable)).toBe(0);
    164|   });

⎯⎯⎯⎯⎯⎯⎯⎯⎯⎯⎯⎯⎯⎯⎯⎯⎯⎯⎯⎯⎯⎯[56/86]⎯

 FAIL  src/tests/game/npcHorseGen.test.ts > getBroodmareFee > returns 0 for filly age < 3
TypeError: generateNpcHorse is not a function
 ❯ src/tests/game/npcHorseGen.test.ts:167:15
    165| 
    166|   it("returns 0 for filly age < 3", () => {
    167|     const h = generateNpcHorse("s1", "mid", 2, "filly", createRng("tes…
       |               ^
    168|     expect(getBroodmareFee(h, stable)).toBe(0);
    169|   });

⎯⎯⎯⎯⎯⎯⎯⎯⎯⎯⎯⎯⎯⎯⎯⎯⎯⎯⎯⎯⎯⎯[57/86]⎯

 FAIL  src/tests/game/npcHorseGen.test.ts > getBroodmareFee > returns > 0 for eligible mare
TypeError: generateNpcHorse is not a function
 ❯ src/tests/game/npcHorseGen.test.ts:173:15
    171|   it("returns > 0 for eligible mare", () => {
    172|     const s = { id: "s1", tier: "mid" } as any;
    173|     const h = generateNpcHorse(s, createRng("test"), undefined, 1, { f…
       |               ^
    174|     h.gender = "mare"; // Ensure it's a mare for the test
    175|     expect(getBroodmareFee(h, s)).toBeGreaterThan(0);

⎯⎯⎯⎯⎯⎯⎯⎯⎯⎯⎯⎯⎯⎯⎯⎯⎯⎯⎯⎯⎯⎯[58/86]⎯

 FAIL  src/tests/game/npcHorseGen.test.ts > getBroodmareFee > broodmare fee is approximately 30% of calculateNpcHorseValue
TypeError: generateNpcHorse is not a function
 ❯ src/tests/game/npcHorseGen.test.ts:180:15
    178|   it("broodmare fee is approximately 30% of calculateNpcHorseValue", (…
    179|     const s = { id: "s1", tier: "mid" } as any;
    180|     const h = generateNpcHorse(s, createRng("test"), undefined, 1, { f…
       |               ^
    181|     h.gender = "mare";
    182|     const val = calculateNpcHorseValue(h, "mid");

⎯⎯⎯⎯⎯⎯⎯⎯⎯⎯⎯⎯⎯⎯⎯⎯⎯⎯⎯⎯⎯⎯[59/86]⎯

 FAIL  src/tests/game/npcHorseGen.test.ts > generateStableHorses > filler stable (isMajor=false) generates exactly 10 horses
TypeError: generateStableHorses is not a function
 ❯ src/tests/game/npcHorseGen.test.ts:192:20
    190|   it("filler stable (isMajor=false) generates exactly 10 horses", () =…
    191|     const stable = mkStable("budget", false);
    192|     const horses = generateStableHorses(stable);
       |                    ^
    193|     expect(horses).toHaveLength(10);
    194|   });

⎯⎯⎯⎯⎯⎯⎯⎯⎯⎯⎯⎯⎯⎯⎯⎯⎯⎯⎯⎯⎯⎯[60/86]⎯

 FAIL  src/tests/game/npcHorseGen.test.ts > generateStableHorses > major elite stable generates 30-40 horses
TypeError: generateStableHorses is not a function
 ❯ src/tests/game/npcHorseGen.test.ts:198:20
    196|   it("major elite stable generates 30-40 horses", () => {
    197|     const stable = mkStable("elite", true);
    198|     const horses = generateStableHorses(stable);
       |                    ^
    199|     expect(horses.length).toBeGreaterThanOrEqual(30);
    200|     expect(horses.length).toBeLessThanOrEqual(40);

⎯⎯⎯⎯⎯⎯⎯⎯⎯⎯⎯⎯⎯⎯⎯⎯⎯⎯⎯⎯⎯⎯[61/86]⎯

 FAIL  src/tests/game/npcHorseGen.test.ts > generateStableHorses > major mid stable generates 20-30 horses
TypeError: generateStableHorses is not a function
 ❯ src/tests/game/npcHorseGen.test.ts:205:20
    203|   it("major mid stable generates 20-30 horses", () => {
    204|     const stable = mkStable("mid", true);
    205|     const horses = generateStableHorses(stable);
       |                    ^
    206|     expect(horses.length).toBeGreaterThanOrEqual(20);
    207|     expect(horses.length).toBeLessThanOrEqual(30);

⎯⎯⎯⎯⎯⎯⎯⎯⎯⎯⎯⎯⎯⎯⎯⎯⎯⎯⎯⎯⎯⎯[62/86]⎯

 FAIL  src/tests/game/npcHorseGen.test.ts > generateStableHorses > major budget stable generates 15-25 horses
TypeError: generateStableHorses is not a function
 ❯ src/tests/game/npcHorseGen.test.ts:212:20
    210|   it("major budget stable generates 15-25 horses", () => {
    211|     const stable = mkStable("budget", true);
    212|     const horses = generateStableHorses(stable);
       |                    ^
    213|     expect(horses.length).toBeGreaterThanOrEqual(15);
    214|     expect(horses.length).toBeLessThanOrEqual(25);

⎯⎯⎯⎯⎯⎯⎯⎯⎯⎯⎯⎯⎯⎯⎯⎯⎯⎯⎯⎯⎯⎯[63/86]⎯

 FAIL  src/tests/game/npcHorseGen.test.ts > generateStableHorses > all generated horses have correct stableId
TypeError: generateStableHorses is not a function
 ❯ src/tests/game/npcHorseGen.test.ts:219:20
    217|   it("all generated horses have correct stableId", () => {
    218|     const stable = mkStable("mid", false, { id: "my-stable" });
    219|     const horses = generateStableHorses(stable);
       |                    ^
    220|     for (const h of horses) {
    221|       expect(h.stableId).toBe("my-stable");

⎯⎯⎯⎯⎯⎯⎯⎯⎯⎯⎯⎯⎯⎯⎯⎯⎯⎯⎯⎯⎯⎯[64/86]⎯

 FAIL  src/tests/game/npcHorseGen.test.ts > generateAllNpcHorses > updated stables have horses arrays populated
TypeError: Cannot read properties of undefined (reading 'next')
 ❯ Module.rollGender src/core/horse/gender.ts:106:22
    104|  */
    105| export function rollGender(age: number, rng: Rng): HorseGender {
    106|   const isMale = rng.next() < 0.55;
       |                      ^
    107|   const isGelding = isMale && rng.next() < 0.35;
    108| 
 ❯ Module.generateNpcHorse src/core/horse/horseFactory.ts:226:18
 ❯ generateStableHorses src/game/npcHorseGen.ts:91:21
 ❯ Module.generateAllNpcHorses src/game/npcHorseGen.ts:131:20
 ❯ src/tests/game/npcHorseGen.test.ts:232:34

⎯⎯⎯⎯⎯⎯⎯⎯⎯⎯⎯⎯⎯⎯⎯⎯⎯⎯⎯⎯⎯⎯[65/86]⎯

 FAIL  src/tests/game/npcHorseGen.test.ts > generateAllNpcHorses > total horse count equals sum of per-stable counts
TypeError: Cannot read properties of undefined (reading 'next')
 ❯ Module.rollGender src/core/horse/gender.ts:106:22
    104|  */
    105| export function rollGender(age: number, rng: Rng): HorseGender {
    106|   const isMale = rng.next() < 0.55;
       |                      ^
    107|   const isGelding = isMale && rng.next() < 0.35;
    108| 
 ❯ Module.generateNpcHorse src/core/horse/horseFactory.ts:226:18
 ❯ generateStableHorses src/game/npcHorseGen.ts:91:21
 ❯ Module.generateAllNpcHorses src/game/npcHorseGen.ts:131:20
 ❯ src/tests/game/npcHorseGen.test.ts:240:42

⎯⎯⎯⎯⎯⎯⎯⎯⎯⎯⎯⎯⎯⎯⎯⎯⎯⎯⎯⎯⎯⎯[66/86]⎯

 FAIL  src/tests/integration/leaderboardNpcBreeding.test.ts > leaderboardNpcBreeding integration > leaderboards influence NPC breeding choices
AssertionError: expected 0 to be greater than 0
 ❯ src/tests/integration/leaderboardNpcBreeding.test.ts:229:42
    227|     // With leaderboards, developer personality should prefer value si…
    228|     // The value sire (sire2) has a high value ranking for developers
    229|     expect(result.newPregnancies.length).toBeGreaterThan(0);
       |                                          ^
    230| 
    231|     const pregnancy = result.newPregnancies[0];

⎯⎯⎯⎯⎯⎯⎯⎯⎯⎯⎯⎯⎯⎯⎯⎯⎯⎯⎯⎯⎯⎯[67/86]⎯

 FAIL  src/tests/game/raceGeneration/northAmerica.test.ts > generateNorthAmericanRace > should use specified surface when provided
TypeError: rng.next is not a function
 ❯ selectNARaceClass src/game/raceGeneration/northAmerica.ts:40:17
     38| // Select a race class based on NA distribution
     39| function selectNARaceClass(rng: Rng): RaceClass {
     40|   const r = rng.next();
       |                 ^
     41|   let cumulative = 0;
     42|   for (const item of NA_RACE_DISTRIBUTION) {
 ❯ Module.generateNorthAmericanRace src/game/raceGeneration/northAmerica.ts:80:21
 ❯ src/tests/game/raceGeneration/northAmerica.test.ts:129:18

⎯⎯⎯⎯⎯⎯⎯⎯⎯⎯⎯⎯⎯⎯⎯⎯⎯⎯⎯⎯⎯⎯[68/86]⎯

 FAIL  src/tests/game/raceGeneration/northAmerica.test.ts > generateNorthAmericanRaceCard > should generate specified number of races
TypeError: Cannot read properties of undefined (reading 'next')
 ❯ selectNARaceClass src/game/raceGeneration/northAmerica.ts:40:17
     38| // Select a race class based on NA distribution
     39| function selectNARaceClass(rng: Rng): RaceClass {
     40|   const r = rng.next();
       |                 ^
     41|   let cumulative = 0;
     42|   for (const item of NA_RACE_DISTRIBUTION) {
 ❯ generateNorthAmericanRace src/game/raceGeneration/northAmerica.ts:80:21
 ❯ Module.generateNorthAmericanRaceCard src/game/raceGeneration/northAmerica.ts:195:18
 ❯ src/tests/game/raceGeneration/northAmerica.test.ts:179:19

⎯⎯⎯⎯⎯⎯⎯⎯⎯⎯⎯⎯⎯⎯⎯⎯⎯⎯⎯⎯⎯⎯[69/86]⎯

 FAIL  src/tests/game/raceGeneration/northAmerica.test.ts > generateNorthAmericanRaceCard > should alternate surfaces for multi-surface tracks
TypeError: Cannot read properties of undefined (reading 'next')
 ❯ selectNARaceClass src/game/raceGeneration/northAmerica.ts:40:17
     38| // Select a race class based on NA distribution
     39| function selectNARaceClass(rng: Rng): RaceClass {
     40|   const r = rng.next();
       |                 ^
     41|   let cumulative = 0;
     42|   for (const item of NA_RACE_DISTRIBUTION) {
 ❯ generateNorthAmericanRace src/game/raceGeneration/northAmerica.ts:80:21
 ❯ Module.generateNorthAmericanRaceCard src/game/raceGeneration/northAmerica.ts:195:18
 ❯ src/tests/game/raceGeneration/northAmerica.test.ts:184:19

⎯⎯⎯⎯⎯⎯⎯⎯⎯⎯⎯⎯⎯⎯⎯⎯⎯⎯⎯⎯⎯⎯[70/86]⎯

 FAIL  src/tests/game/raceGeneration/northAmerica.test.ts > generateNorthAmericanRaceCard > should use single surface for single-surface tracks
TypeError: Cannot read properties of undefined (reading 'next')
 ❯ selectNARaceClass src/game/raceGeneration/northAmerica.ts:40:17
     38| // Select a race class based on NA distribution
     39| function selectNARaceClass(rng: Rng): RaceClass {
     40|   const r = rng.next();
       |                 ^
     41|   let cumulative = 0;
     42|   for (const item of NA_RACE_DISTRIBUTION) {
 ❯ generateNorthAmericanRace src/game/raceGeneration/northAmerica.ts:80:21
 ❯ Module.generateNorthAmericanRaceCard src/game/raceGeneration/northAmerica.ts:195:18
 ❯ src/tests/game/raceGeneration/northAmerica.test.ts:199:19

⎯⎯⎯⎯⎯⎯⎯⎯⎯⎯⎯⎯⎯⎯⎯⎯⎯⎯⎯⎯⎯⎯[71/86]⎯

 FAIL  src/tests/game/raceGeneration/northAmerica.test.ts > generateNorthAmericanRaceCard > should generate unique race names
TypeError: Cannot read properties of undefined (reading 'next')
 ❯ selectNARaceClass src/game/raceGeneration/northAmerica.ts:40:17
     38| // Select a race class based on NA distribution
     39| function selectNARaceClass(rng: Rng): RaceClass {
     40|   const r = rng.next();
       |                 ^
     41|   let cumulative = 0;
     42|   for (const item of NA_RACE_DISTRIBUTION) {
 ❯ generateNorthAmericanRace src/game/raceGeneration/northAmerica.ts:80:21
 ❯ Module.generateNorthAmericanRaceCard src/game/raceGeneration/northAmerica.ts:195:18
 ❯ src/tests/game/raceGeneration/northAmerica.test.ts:204:19

⎯⎯⎯⎯⎯⎯⎯⎯⎯⎯⎯⎯⎯⎯⎯⎯⎯⎯⎯⎯⎯⎯[72/86]⎯

 FAIL  src/tests/game/raceGeneration/northAmerica.test.ts > generateNorthAmericanRaceCard > should set day for all races
TypeError: Cannot read properties of undefined (reading 'next')
 ❯ selectNARaceClass src/game/raceGeneration/northAmerica.ts:40:17
     38| // Select a race class based on NA distribution
     39| function selectNARaceClass(rng: Rng): RaceClass {
     40|   const r = rng.next();
       |                 ^
     41|   let cumulative = 0;
     42|   for (const item of NA_RACE_DISTRIBUTION) {
 ❯ generateNorthAmericanRace src/game/raceGeneration/northAmerica.ts:80:21
 ❯ Module.generateNorthAmericanRaceCard src/game/raceGeneration/northAmerica.ts:195:18
 ❯ src/tests/game/raceGeneration/northAmerica.test.ts:212:19

⎯⎯⎯⎯⎯⎯⎯⎯⎯⎯⎯⎯⎯⎯⎯⎯⎯⎯⎯⎯⎯⎯[73/86]⎯

 FAIL  src/tests/game/raceGeneration/northAmerica.test.ts > generateNorthAmericanRaceCard > should set trackId for all races
TypeError: Cannot read properties of undefined (reading 'next')
 ❯ selectNARaceClass src/game/raceGeneration/northAmerica.ts:40:17
     38| // Select a race class based on NA distribution
     39| function selectNARaceClass(rng: Rng): RaceClass {
     40|   const r = rng.next();
       |                 ^
     41|   let cumulative = 0;
     42|   for (const item of NA_RACE_DISTRIBUTION) {
 ❯ generateNorthAmericanRace src/game/raceGeneration/northAmerica.ts:80:21
 ❯ Module.generateNorthAmericanRaceCard src/game/raceGeneration/northAmerica.ts:195:18
 ❯ src/tests/game/raceGeneration/northAmerica.test.ts:217:19

⎯⎯⎯⎯⎯⎯⎯⎯⎯⎯⎯⎯⎯⎯⎯⎯⎯⎯⎯⎯⎯⎯[74/86]⎯

 FAIL  src/tests/core/time/phases/raceResolution.test.ts > raceResolutionPhase > should identify overdue races (day <= current day)
TypeError: resolveHealthStatus is not a function
 ❯ createHorseFromDNA src/core/horse/horseFactory.ts:162:19
    160|     careerStarts: 0,
    161|     careerWins: 0,
    162|     healthStatus: resolveHealthStatus(genotype.health),
       |                   ^
    163|     lifecycleStatus: "active",
    164|     ...dnaTraits,
 ❯ Module.generateHorse src/core/horse/horseFactory.ts:199:10
 ❯ Module.buildRaceField src/services/raceSimulationService.ts:79:21
 ❯ Object.execute src/core/time/phases/raceResolution.ts:61:41
 ❯ src/tests/core/time/phases/raceResolution.test.ts:68:40

⎯⎯⎯⎯⎯⎯⎯⎯⎯⎯⎯⎯⎯⎯⎯⎯⎯⎯⎯⎯⎯⎯[75/86]⎯

 FAIL  src/tests/core/time/phases/raceResolution.test.ts > raceResolutionPhase > should skip already resolved races
TypeError: resolveHealthStatus is not a function
 ❯ createHorseFromDNA src/core/horse/horseFactory.ts:162:19
    160|     careerStarts: 0,
    161|     careerWins: 0,
    162|     healthStatus: resolveHealthStatus(genotype.health),
       |                   ^
    163|     lifecycleStatus: "active",
    164|     ...dnaTraits,
 ❯ Module.generateHorse src/core/horse/horseFactory.ts:199:10
 ❯ Module.buildRaceField src/services/raceSimulationService.ts:79:21
 ❯ Object.execute src/core/time/phases/raceResolution.ts:61:41
 ❯ src/tests/core/time/phases/raceResolution.test.ts:129:40

⎯⎯⎯⎯⎯⎯⎯⎯⎯⎯⎯⎯⎯⎯⎯⎯⎯⎯⎯⎯⎯⎯[76/86]⎯

 FAIL  src/tests/core/time/phases/raceResolution.test.ts > raceResolutionPhase > should skip races in the future
TypeError: context.impacts is not iterable
 ❯ Object.execute src/core/time/phases/raceResolution.ts:700:28
    698|           : state.reputation,
    699|       },
    700|       impacts: [...context.impacts, ...impacts],
       |                            ^
    701|     };
    702|   },
 ❯ src/tests/core/time/phases/raceResolution.test.ts:175:40

⎯⎯⎯⎯⎯⎯⎯⎯⎯⎯⎯⎯⎯⎯⎯⎯⎯⎯⎯⎯⎯⎯[77/86]⎯

 FAIL  src/tests/core/time/phases/raceResolution.test.ts > raceResolutionPhase > should skip when skipRaceResolution is true
AssertionError: expected undefined to be true // Object.is equality

- Expected: 
true

+ Received: 
undefined

 ❯ src/tests/core/time/phases/raceResolution.test.ts:223:24
    221| 
    222|     const shouldSkip = raceResolutionPhase.skipIf?.(context);
    223|     expect(shouldSkip).toBe(true);
       |                        ^
    224|   });
    225| 

⎯⎯⎯⎯⎯⎯⎯⎯⎯⎯⎯⎯⎯⎯⎯⎯⎯⎯⎯⎯⎯⎯[78/86]⎯

 FAIL  src/tests/core/time/phases/raceResolution.test.ts > raceResolutionPhase > should not skip when skipRaceResolution is false or undefined
AssertionError: expected undefined to be false // Object.is equality

- Expected: 
false

+ Received: 
undefined

 ❯ src/tests/core/time/phases/raceResolution.test.ts:255:24
    253| 
    254|     const shouldSkip = raceResolutionPhase.skipIf?.(context);
    255|     expect(shouldSkip).toBe(false);
       |                        ^
    256|   });
    257| 

⎯⎯⎯⎯⎯⎯⎯⎯⎯⎯⎯⎯⎯⎯⎯⎯⎯⎯⎯⎯⎯⎯[79/86]⎯

 FAIL  src/tests/core/time/phases/raceResolution.test.ts > raceResolutionPhase > should have correct order
AssertionError: expected 70 to be 10 // Object.is equality

- Expected
+ Received

- 10
+ 70

 ❯ src/tests/core/time/phases/raceResolution.test.ts:259:39
    257| 
    258|   it("should have correct order", () => {
    259|     expect(raceResolutionPhase.order).toBe(10);
       |                                       ^
    260|   });
    261| 

⎯⎯⎯⎯⎯⎯⎯⎯⎯⎯⎯⎯⎯⎯⎯⎯⎯⎯⎯⎯⎯⎯[80/86]⎯

 Test Files  13 failed | 68 passed (81)
      Tests  82 failed | 762 passed (844)
   Start at  15:55:44
   Duration  3.38s (transform 2.80s, setup 0ms, collect 9.03s, tests 1.44s, environment 10ms, prepare 5.19s)

